// Jest Snapshot v1, https://goo.gl/fbAQLP

exports[`<Typography /> renders correctly 1`] = `
<RNGestureHandlerButton
  collapsable={false}
  delayLongPress={600}
  enabled={true}
  exclusive={true}
  handlerTag={1}
  handlerType="NativeViewGestureHandler"
  onGestureEvent={[Function]}
  onGestureHandlerEvent={[Function]}
  onGestureHandlerStateChange={[Function]}
  onHandlerStateChange={[Function]}
  rippleColor={0}
  touchSoundDisabled={false}
>
  <View
    accessible={true}
    collapsable={false}
    style={{}}
  >
    <View
      animatedStyle={
        {
          "value": {
            "transform": [
              {
                "scale": 1,
              },
            ],
          },
        }
      }
      collapsable={false}
      style={
        {
          "transform": [
            {
              "scale": 1,
            },
          ],
        }
      }
    />
  </View>
</RNGestureHandlerButton>
`;
